This file contains any messages produced by compilers while
running configure, to aid debugging if configure makes a mistake.

It was created by kawa configure 1.11-ai2, which was
generated by GNU Autoconf 2.69.  Invocation command line was

  $ ./configure 

## --------- ##
## Platform. ##
## --------- ##

hostname = pkrvmccyg1gnepe
uname -m = x86_64
uname -r = 6.11.0-1018-azure
uname -s = Linux
uname -v = #18~24.04.1-Ubuntu SMP Sat Jun 28 04:46:03 UTC 2025

/usr/bin/uname -p = x86_64
/bin/uname -X     = unknown

/bin/arch              = x86_64
/usr/bin/arch -k       = unknown
/usr/convex/getsysinfo = unknown
/usr/bin/hostinfo      = unknown
/bin/machine           = unknown
/usr/bin/oslevel       = unknown
/bin/universe          = unknown

PATH: /snap/bin
PATH: /home/runner/.local/bin
PATH: /opt/pipx_bin
PATH: /home/runner/.cargo/bin
PATH: /home/runner/.config/composer/vendor/bin
PATH: /usr/local/.ghcup/bin
PATH: /home/runner/.dotnet/tools
PATH: /usr/local/sbin
PATH: /usr/local/bin
PATH: /usr/sbin
PATH: /usr/bin
PATH: /sbin
PATH: /bin
PATH: /usr/games
PATH: /usr/local/games
PATH: /snap/bin


## ----------- ##
## Core tests. ##
## ----------- ##

configure:1950: checking whether to enable maintainer-specific portions of Makefiles
configure:1959: result: no
configure:2005: checking build system type
configure:2019: result: x86_64-unknown-linux-gnu
configure:2039: checking host system type
configure:2052: result: x86_64-unknown-linux-gnu
configure:2072: checking target system type
configure:2085: result: x86_64-unknown-linux-gnu
configure:2128: checking for a BSD-compatible install
configure:2196: result: /usr/bin/install -c
configure:2207: checking whether build environment is sane
configure:2257: result: yes
configure:2398: checking for a thread-safe mkdir -p
configure:2437: result: /usr/bin/mkdir -p
configure:2450: checking for gawk
configure:2466: found /usr/bin/gawk
configure:2477: result: gawk
configure:2488: checking whether make sets $(MAKE)
configure:2510: result: yes
configure:2774: checking whether ln -s works
configure:2778: result: yes
configure:2837: checking for gcc
configure:2853: found /usr/bin/gcc
configure:2864: result: gcc
configure:3093: checking for C compiler version
configure:3102: gcc --version >&5
gcc (Ubuntu 13.3.0-6ubuntu2~24.04) 13.3.0
Copyright (C) 2023 Free Software Foundation, Inc.
This is free software; see the source for copying conditions.  There is NO
warranty; not even for MERCHANTABILITY or FITNESS FOR A PARTICULAR PURPOSE.

configure:3113: $? = 0
configure:3102: gcc -v >&5
Using built-in specs.
COLLECT_GCC=gcc
COLLECT_LTO_WRAPPER=/usr/libexec/gcc/x86_64-linux-gnu/13/lto-wrapper
OFFLOAD_TARGET_NAMES=nvptx-none:amdgcn-amdhsa
OFFLOAD_TARGET_DEFAULT=1
Target: x86_64-linux-gnu
Configured with: ../src/configure -v --with-pkgversion='Ubuntu 13.3.0-6ubuntu2~24.04' --with-bugurl=file:///usr/share/doc/gcc-13/README.Bugs --enable-languages=c,ada,c++,go,d,fortran,objc,obj-c++,m2 --prefix=/usr --with-gcc-major-version-only --program-suffix=-13 --program-prefix=x86_64-linux-gnu- --enable-shared --enable-linker-build-id --libexecdir=/usr/libexec --without-included-gettext --enable-threads=posix --libdir=/usr/lib --enable-nls --enable-bootstrap --enable-clocale=gnu --enable-libstdcxx-debug --enable-libstdcxx-time=yes --with-default-libstdcxx-abi=new --enable-libstdcxx-backtrace --enable-gnu-unique-object --disable-vtable-verify --enable-plugin --enable-default-pie --with-system-zlib --enable-libphobos-checking=release --with-target-system-zlib=auto --enable-objc-gc=auto --enable-multiarch --disable-werror --enable-cet --with-arch-32=i686 --with-abi=m64 --with-multilib-list=m32,m64,mx32 --enable-multilib --with-tune=generic --enable-offload-targets=nvptx-none=/build/gcc-13-fG75Ri/gcc-13-13.3.0/debian/tmp-nvptx/usr,amdgcn-amdhsa=/build/gcc-13-fG75Ri/gcc-13-13.3.0/debian/tmp-gcn/usr --enable-offload-defaulted --without-cuda-driver --enable-checking=release --build=x86_64-linux-gnu --host=x86_64-linux-gnu --target=x86_64-linux-gnu --with-build-config=bootstrap-lto-lean --enable-link-serialization=2
Thread model: posix
Supported LTO compression algorithms: zlib zstd
gcc version 13.3.0 (Ubuntu 13.3.0-6ubuntu2~24.04) 
... rest of stderr output deleted ...
configure:3113: $? = 0
configure:3102: gcc -V >&5
gcc: error: unrecognized command-line option '-V'
gcc: fatal error: no input files
compilation terminated.
configure:3113: $? = 1
configure:3102: gcc -qversion >&5
gcc: error: unrecognized command-line option '-qversion'; did you mean '--version'?
gcc: fatal error: no input files
compilation terminated.
configure:3113: $? = 1
configure:3133: checking whether the C compiler works
configure:3155: gcc    conftest.c  >&5
configure:3159: $? = 0
configure:3207: result: yes
configure:3210: checking for C compiler default output file name
configure:3212: result: a.out
configure:3218: checking for suffix of executables
configure:3225: gcc -o conftest    conftest.c  >&5
configure:3229: $? = 0
configure:3251: result: 
configure:3273: checking whether we are cross compiling
configure:3281: gcc -o conftest    conftest.c  >&5
configure:3285: $? = 0
configure:3292: ./conftest
configure:3296: $? = 0
configure:3311: result: no
configure:3316: checking for suffix of object files
configure:3338: gcc -c   conftest.c >&5
configure:3342: $? = 0
configure:3363: result: o
configure:3367: checking whether we are using the GNU C compiler
configure:3386: gcc -c   conftest.c >&5
configure:3386: $? = 0
configure:3395: result: yes
configure:3404: checking whether gcc accepts -g
configure:3424: gcc -c -g  conftest.c >&5
configure:3424: $? = 0
configure:3465: result: yes
configure:3482: checking for gcc option to accept ISO C89
configure:3545: gcc  -c -g -O2  conftest.c >&5
configure:3545: $? = 0
configure:3558: result: none needed
configure:3589: checking for style of include used by make
configure:3617: result: GNU
configure:3642: checking dependency style of gcc
configure:3752: result: gcc3
configure:3825: checking for g++
configure:3841: found /usr/bin/g++
configure:3852: result: g++
configure:3879: checking for C++ compiler version
configure:3888: g++ --version >&5
g++ (Ubuntu 13.3.0-6ubuntu2~24.04) 13.3.0
Copyright (C) 2023 Free Software Foundation, Inc.
This is free software; see the source for copying conditions.  There is NO
warranty; not even for MERCHANTABILITY or FITNESS FOR A PARTICULAR PURPOSE.

configure:3899: $? = 0
configure:3888: g++ -v >&5
Using built-in specs.
COLLECT_GCC=g++
COLLECT_LTO_WRAPPER=/usr/libexec/gcc/x86_64-linux-gnu/13/lto-wrapper
OFFLOAD_TARGET_NAMES=nvptx-none:amdgcn-amdhsa
OFFLOAD_TARGET_DEFAULT=1
Target: x86_64-linux-gnu
Configured with: ../src/configure -v --with-pkgversion='Ubuntu 13.3.0-6ubuntu2~24.04' --with-bugurl=file:///usr/share/doc/gcc-13/README.Bugs --enable-languages=c,ada,c++,go,d,fortran,objc,obj-c++,m2 --prefix=/usr --with-gcc-major-version-only --program-suffix=-13 --program-prefix=x86_64-linux-gnu- --enable-shared --enable-linker-build-id --libexecdir=/usr/libexec --without-included-gettext --enable-threads=posix --libdir=/usr/lib --enable-nls --enable-bootstrap --enable-clocale=gnu --enable-libstdcxx-debug --enable-libstdcxx-time=yes --with-default-libstdcxx-abi=new --enable-libstdcxx-backtrace --enable-gnu-unique-object --disable-vtable-verify --enable-plugin --enable-default-pie --with-system-zlib --enable-libphobos-checking=release --with-target-system-zlib=auto --enable-objc-gc=auto --enable-multiarch --disable-werror --enable-cet --with-arch-32=i686 --with-abi=m64 --with-multilib-list=m32,m64,mx32 --enable-multilib --with-tune=generic --enable-offload-targets=nvptx-none=/build/gcc-13-fG75Ri/gcc-13-13.3.0/debian/tmp-nvptx/usr,amdgcn-amdhsa=/build/gcc-13-fG75Ri/gcc-13-13.3.0/debian/tmp-gcn/usr --enable-offload-defaulted --without-cuda-driver --enable-checking=release --build=x86_64-linux-gnu --host=x86_64-linux-gnu --target=x86_64-linux-gnu --with-build-config=bootstrap-lto-lean --enable-link-serialization=2
Thread model: posix
Supported LTO compression algorithms: zlib zstd
gcc version 13.3.0 (Ubuntu 13.3.0-6ubuntu2~24.04) 
... rest of stderr output deleted ...
configure:3899: $? = 0
configure:3888: g++ -V >&5
g++: error: unrecognized command-line option '-V'
g++: fatal error: no input files
compilation terminated.
configure:3899: $? = 1
configure:3888: g++ -qversion >&5
g++: error: unrecognized command-line option '-qversion'; did you mean '--version'?
g++: fatal error: no input files
compilation terminated.
configure:3899: $? = 1
configure:3903: checking whether we are using the GNU C++ compiler
configure:3922: g++ -c   conftest.cpp >&5
configure:3922: $? = 0
configure:3931: result: yes
configure:3940: checking whether g++ accepts -g
configure:3960: g++ -c -g  conftest.cpp >&5
configure:3960: $? = 0
configure:4001: result: yes
configure:4026: checking dependency style of g++
configure:4136: result: gcc3
configure:4864: creating ./config.status

## ---------------------- ##
## Running config.status. ##
## ---------------------- ##

This file was extended by kawa config.status 1.11-ai2, which was
generated by GNU Autoconf 2.69.  Invocation command line was

  CONFIG_FILES    = 
  CONFIG_HEADERS  = 
  CONFIG_LINKS    = 
  CONFIG_COMMANDS = 
  $ ./config.status 

on pkrvmccyg1gnepe

config.status:936: creating Makefile
config.status:936: creating gnu/bytecode/Makefile
config.status:936: creating gnu/math/Makefile
config.status:936: creating gnu/lists/Makefile
config.status:936: creating gnu/text/Makefile
config.status:936: creating gnu/mapping/Makefile
config.status:936: creating gnu/expr/Makefile
config.status:936: creating gnu/kawa/util/Makefile
config.status:936: creating gnu/kawa/reflect/Makefile
config.status:936: creating gnu/kawa/functions/Makefile
config.status:936: creating gnu/kawa/servlet/Makefile
config.status:936: creating gnu/xml/Makefile
config.status:936: creating gnu/kawa/xml/Makefile
config.status:936: creating gnu/kawa/xslt/Makefile
config.status:936: creating gnu/kawa/sax/Makefile
config.status:936: creating gnu/brl/Makefile
config.status:936: creating gnu/kawa/brl/Makefile
config.status:936: creating gnu/kawa/lispexpr/Makefile
config.status:936: creating gnu/kawa/slib/Makefile
config.status:936: creating gnu/ecmascript/Makefile
config.status:936: creating gnu/commonlisp/Makefile
config.status:936: creating gnu/commonlisp/lang/Makefile
config.status:936: creating gnu/commonlisp/lisp/Makefile
config.status:936: creating gnu/commonlisp/testsuite/Makefile
config.status:936: creating gnu/jemacs/lang/Makefile
config.status:936: creating gnu/jemacs/buffer/Makefile
config.status:936: creating gnu/jemacs/lisp/Makefile
config.status:936: creating gnu/jemacs/testsuite/Makefile
config.status:936: creating gnu/jemacs/swing/Makefile
config.status:936: creating gnu/jemacs/swt/Makefile
config.status:936: creating kawa/Makefile
config.status:936: creating kawa/lang/Makefile
config.status:936: creating kawa/standard/Makefile
config.status:936: creating kawa/lib/Makefile
config.status:936: creating gnu/q2/Makefile
config.status:936: creating gnu/q2/lang/Makefile
config.status:936: creating gnu/xquery/Makefile
config.status:936: creating gnu/xquery/lang/Makefile
config.status:936: creating gnu/xquery/util/Makefile
config.status:936: creating gnu/xquery/testsuite/Makefile
config.status:936: creating gnu/kawa/ant/Makefile
config.status:936: creating gnu/kawa/models/Makefile
config.status:936: creating gnu/kawa/swingviews/Makefile
config.status:936: creating gnu/kawa/swtviews/Makefile
config.status:936: creating gnu/kawa/echo2/Makefile
config.status:936: creating gnu/kawa/android/Makefile
config.status:936: creating doc/Makefile
config.status:936: creating testsuite/Makefile
config.status:936: creating bin/Makefile
config.status:1125: linking gnu/xquery/testsuite/outline.xml.in to gnu/xquery/testsuite/outline.xml
config.status:1125: linking gnu/xquery/testsuite/tab.xml.in to gnu/xquery/testsuite/tab.xml
config.status:1125: linking gnu/xquery/testsuite/bib.xml.in to gnu/xquery/testsuite/bib.xml
config.status:1125: linking gnu/xquery/testsuite/auction.xml.in to gnu/xquery/testsuite/auction.xml
config.status:1125: linking gnu/xquery/testsuite/book1.xml.in to gnu/xquery/testsuite/book1.xml
config.status:1125: linking gnu/xquery/testsuite/report1.xml.in to gnu/xquery/testsuite/report1.xml
config.status:1125: linking gnu/xquery/testsuite/reviews.xml.in to gnu/xquery/testsuite/reviews.xml
config.status:1125: linking gnu/xquery/testsuite/items.xml.in to gnu/xquery/testsuite/items.xml
config.status:1125: linking gnu/xquery/testsuite/bids.xml.in to gnu/xquery/testsuite/bids.xml
config.status:1125: linking gnu/xquery/testsuite/users.xml.in to gnu/xquery/testsuite/users.xml
config.status:1125: linking testsuite/scribble.html.in to testsuite/scribble.html
config.status:1144: executing depfiles commands

## ---------------- ##
## Cache variables. ##
## ---------------- ##

ac_cv_build=x86_64-unknown-linux-gnu
ac_cv_c_compiler_gnu=yes
ac_cv_cxx_compiler_gnu=yes
ac_cv_env_CCC_set=
ac_cv_env_CCC_value=
ac_cv_env_CC_set=
ac_cv_env_CC_value=
ac_cv_env_CFLAGS_set=
ac_cv_env_CFLAGS_value=
ac_cv_env_CPPFLAGS_set=
ac_cv_env_CPPFLAGS_value=
ac_cv_env_CXXFLAGS_set=
ac_cv_env_CXXFLAGS_value=
ac_cv_env_CXX_set=
ac_cv_env_CXX_value=
ac_cv_env_LDFLAGS_set=
ac_cv_env_LDFLAGS_value=
ac_cv_env_LIBS_set=
ac_cv_env_LIBS_value=
ac_cv_env_build_alias_set=
ac_cv_env_build_alias_value=
ac_cv_env_host_alias_set=
ac_cv_env_host_alias_value=
ac_cv_env_target_alias_set=
ac_cv_env_target_alias_value=
ac_cv_host=x86_64-unknown-linux-gnu
ac_cv_objext=o
ac_cv_path_install='/usr/bin/install -c'
ac_cv_path_mkdir=/usr/bin/mkdir
ac_cv_prog_AWK=gawk
ac_cv_prog_ac_ct_CC=gcc
ac_cv_prog_ac_ct_CXX=g++
ac_cv_prog_cc_c89=
ac_cv_prog_cc_g=yes
ac_cv_prog_cxx_g=yes
ac_cv_prog_make_make_set=yes
ac_cv_target=x86_64-unknown-linux-gnu
am_cv_CC_dependencies_compiler_type=gcc3
am_cv_CXX_dependencies_compiler_type=gcc3

## ----------------- ##
## Output variables. ##
## ----------------- ##

ACLOCAL='${SHELL} /home/runner/work/ai2-kawa/ai2-kawa/missing --run aclocal-1.11'
AMDEPBACKSLASH='\'
AMDEP_FALSE='#'
AMDEP_TRUE=''
AMTAR='${SHELL} /home/runner/work/ai2-kawa/ai2-kawa/missing --run tar'
AUTOCONF='${SHELL} /home/runner/work/ai2-kawa/ai2-kawa/missing --run autoconf'
AUTOHEADER='${SHELL} /home/runner/work/ai2-kawa/ai2-kawa/missing --run autoheader'
AUTOMAKE='${SHELL} /home/runner/work/ai2-kawa/ai2-kawa/missing --run automake-1.11'
AWK='gawk'
BYTECODE_VERSION='1.11-ai2'
CC='gcc'
CCDEPMODE='depmode=gcc3'
CFLAGS='-g -O2'
CPPFLAGS=''
CXX='g++'
CXXDEPMODE='depmode=gcc3'
CXXFLAGS='-g -O2'
CYGPATH_W='echo'
DEFS='-DPACKAGE_NAME=\"kawa\" -DPACKAGE_TARNAME=\"kawa\" -DPACKAGE_VERSION=\"1.11-ai2\" -DPACKAGE_STRING=\"kawa\ 1.11-ai2\" -DPACKAGE_BUGREPORT=\"\" -DPACKAGE_URL=\"\" -DPACKAGE=\"kawa\" -DVERSION=\"1.11-ai2\"'
DEPDIR='.deps'
ECHO_C=''
ECHO_N='-n'
ECHO_T=''
ENABLE_BRL_FALSE=''
ENABLE_BRL_TRUE='#'
ENABLE_ECHO2_FALSE=''
ENABLE_ECHO2_TRUE='#'
ENABLE_JEMACS_FALSE=''
ENABLE_JEMACS_TRUE='#'
ENABLE_KAWA_FRONTEND_FALSE=''
ENABLE_KAWA_FRONTEND_TRUE='#'
ENABLE_SERVLET_FALSE=''
ENABLE_SERVLET_TRUE='#'
ENABLE_XML_FALSE='#'
ENABLE_XML_TRUE=''
ENABLE_XQUERY_FALSE='#'
ENABLE_XQUERY_TRUE=''
EXEEXT=''
GCJ=''
GCJDEPMODE=''
GCJFLAGS=''
GCJ_COMPILED_SELECTED='DISABLE_GCJ_COMPILED'
GCJ_SELECTED='WITHOUT_GCJ'
INSTALL_DATA='${INSTALL} -m 644'
INSTALL_PROGRAM='${INSTALL}'
INSTALL_SCRIPT='${INSTALL}'
INSTALL_STRIP_PROGRAM='$(install_sh) -c -s'
JAVA='java'
JAVAC='javac'
JAVACFLAGS='-g'
JAVA_SOURCE='6'
JEMACS_VERSION='0.11-ai2'
LDFLAGS=''
LIBOBJS=''
LIBS=''
LN_S='ln -s'
LTLIBOBJS=''
MAINT='#'
MAINTAINER_MODE_FALSE=''
MAINTAINER_MODE_TRUE='#'
MAKEINFO='${SHELL} /home/runner/work/ai2-kawa/ai2-kawa/missing --run makeinfo'
MKDIR_P='/usr/bin/mkdir -p'
OBJEXT='o'
PACKAGE='kawa'
PACKAGE_BUGREPORT=''
PACKAGE_NAME='kawa'
PACKAGE_STRING='kawa 1.11-ai2'
PACKAGE_TARNAME='kawa'
PACKAGE_URL=''
PACKAGE_VERSION='1.11-ai2'
PATH_SEPARATOR=':'
SAX2_PREPROCESS=''
SET_MAKE=''
SHELL='/bin/bash'
STRIP=''
TOP_BUILDDIR='/home/runner/work/ai2-kawa/ai2-kawa'
VERSION='1.11-ai2'
WITH_ANDROID_FALSE=''
WITH_ANDROID_TRUE='#'
WITH_AWT_FALSE='#'
WITH_AWT_TRUE=''
WITH_GCJ_DBTOOL_FALSE=''
WITH_GCJ_DBTOOL_TRUE='#'
WITH_GCJ_FALSE=''
WITH_GCJ_NO_DBTOOL_FALSE=''
WITH_GCJ_NO_DBTOOL_TRUE='#'
WITH_GCJ_TRUE='#'
WITH_HTTPSERVER_FALSE='#'
WITH_HTTPSERVER_TRUE=''
WITH_JAVAX_SCRIPT_FALSE='#'
WITH_JAVAX_SCRIPT_TRUE=''
WITH_LIBTOOL_FALSE=''
WITH_LIBTOOL_TRUE='#'
WITH_SAX2_FALSE='#'
WITH_SAX2_TRUE=''
WITH_SWING_FALSE='#'
WITH_SWING_TRUE=''
WITH_SWT_FALSE=''
WITH_SWT_TRUE='#'
WITH_XQTS_FALSE=''
WITH_XQTS_TRUE='#'
XQTS_PATH=''
ac_ct_CC='gcc'
ac_ct_CXX='g++'
am__EXEEXT_FALSE=''
am__EXEEXT_TRUE='#'
am__fastdepCC_FALSE='#'
am__fastdepCC_TRUE=''
am__fastdepCXX_FALSE='#'
am__fastdepCXX_TRUE=''
am__fastdepGCJ_FALSE=''
am__fastdepGCJ_TRUE='#'
am__include='include'
am__isrc=''
am__leading_dot='.'
am__quote=''
am__tar='${AMTAR} chof - "$$tardir"'
am__untar='${AMTAR} xf -'
bindir='${exec_prefix}/bin'
build='x86_64-unknown-linux-gnu'
build_alias=''
build_cpu='x86_64'
build_os='linux-gnu'
build_vendor='unknown'
conf_classpath=''
datadir='${datarootdir}'
datarootdir='${prefix}/share'
docdir='${datarootdir}/doc/${PACKAGE_TARNAME}'
dvidir='${docdir}'
exec_prefix='${prefix}'
filesep='/'
host='x86_64-unknown-linux-gnu'
host_alias=''
host_cpu='x86_64'
host_os='linux-gnu'
host_vendor='unknown'
htmldir='${docdir}'
includedir='${prefix}/include'
infodir='${datarootdir}/info'
install_sh='${SHELL} /home/runner/work/ai2-kawa/ai2-kawa/install-sh'
libdir='${exec_prefix}/lib'
libexecdir='${exec_prefix}/libexec'
localedir='${datarootdir}/locale'
localstatedir='${prefix}/var'
mandir='${datarootdir}/man'
mkdir_p='/usr/bin/mkdir -p'
oldincludedir='/usr/include'
pathsep=':'
pdfdir='${docdir}'
prefix='/usr/local'
program_transform_name='s,x,x,'
psdir='${docdir}'
sbindir='${exec_prefix}/sbin'
sharedstatedir='${prefix}/com'
sysconfdir='${prefix}/etc'
target='x86_64-unknown-linux-gnu'
target_alias=''
target_cpu='x86_64'
target_os='linux-gnu'
target_vendor='unknown'

## ------------------- ##
## File substitutions. ##
## ------------------- ##

Make_rules='./Make-rules'

## ----------- ##
## confdefs.h. ##
## ----------- ##

/* confdefs.h */
#define PACKAGE_NAME "kawa"
#define PACKAGE_TARNAME "kawa"
#define PACKAGE_VERSION "1.11-ai2"
#define PACKAGE_STRING "kawa 1.11-ai2"
#define PACKAGE_BUGREPORT ""
#define PACKAGE_URL ""
#define PACKAGE "kawa"
#define VERSION "1.11-ai2"

configure: exit 0
